{
  "id": 8,
  "name": "valid-json-8",
  "valid": true,
  "jws": "eyJhbGciOiJFZERTQSIsInR5cCI6IkpXVCIsImtpZCI6InRlc3Qta2V5LWdvbGRlbiJ9.eyJleHAiOjE3NTg3NDcwNDgsImlhdCI6MTc1ODc0NjY2OCwiaXNzIjoiaHR0cHM6Ly90ZXN0LnBlYWNwcm90b2NvbC5vcmciLCJqdGkiOiIwMDAwMDAwOC0wMDA4LTcwMDgtYTAwOC0wMDAwMDAwMDAwMDgiLCJwb2xpY3kiOnsiYWlwcmVmIjp7Imhhc2giOiJzaGEyNTY6OVp1WHdaTzEyZWNTc1p5ZEpQN3g4WU1zcmR1SEZaR2NSUVd1eHZaRDBncyIsImhyZWYiOiJodHRwczovL3Rlc3QucGVhY3Byb3RvY29sLm9yZy9wb2xpY3kuanNvbiJ9LCJtZXJnZWRfaGFzaCI6InNoYTI1NjpvTXZwSHJSQlJma1VrdlM2cU5Ic1VHRUJhTkloM0Z3NW1kemhKODRTUkxRIn0sInJlc291cmNlIjp7Imhhc2giOiJzaGEyNTY6WjVDMjhIcTIwM0FlVTNWT3JYcXI4SEoxVTcxN3haTUs2UWYwVEk3aDlqOCIsIm1ldGhvZCI6IkdFVCIsInVybCI6Imh0dHBzOi8vdGVzdC5wZWFjcHJvdG9jb2wub3JnL3Jlc291cmNlLzgifSwic3ViIjoidXJuOnJlc291cmNlOnNoYTI1NjpaNUMyOEhxMjAzQWVVM1ZPclhxcjhISjFVNzE3eFpNSzZRZjBUSTdoOWo4IiwidHlwIjoicGVhYy5yZWNlaXB0LzAuOSJ9.xgy4PkML80DmlwKYbrAJBDcUvSXmF68YmZbLe6LbzyXliERseGOXXsj67gxbmEZm4Zuras7Y9U4TFnCYT0L4Xg",
  "payload": {
    "typ": "peac.receipt/0.9",
    "iss": "https://test.peacprotocol.org",
    "sub": "urn:resource:sha256:Z5C28Hq203AeU3VOrXqr8HJ1U717xZMK6Qf0TI7h9j8",
    "iat": 1758746668,
    "exp": 1758747048,
    "jti": "00000008-0008-7008-a008-000000000008",
    "policy": {
      "aipref": {
        "href": "https://test.peacprotocol.org/policy.json",
        "hash": "sha256:9ZuXwZO12ecSsZydJP7x8YMsrduHFZGcRQWuxvZD0gs"
      },
      "merged_hash": "sha256:oMvpHrRBRfkUkvS6qNHsUGEBaNIh3Fw5mdzhJ84SRLQ"
    },
    "resource": {
      "url": "https://test.peacprotocol.org/resource/8",
      "method": "GET",
      "hash": "sha256:Z5C28Hq203AeU3VOrXqr8HJ1U717xZMK6Qf0TI7h9j8"
    }
  },
  "body": {
    "test": 8,
    "data": "xxxxxxxxxxxxxxxxxxxxxxxxxxxxxxxxxxxxxxxxxxxxxxxxxxxxxxxxxxxxxxxxxxxxxxxxxxxxxxxxxxxxxxxxxxxxxxxxxxxxxxxxxxxxxxxxxxxxxxxxxxxxxxxxxxxxxxxxxxxxxxxxxxxxxxxxxxxxxxxxxxxxxxxxxxxxxxxxxxxxxxxxxxxxxxxxxxxxxxxxxxxxxxxxxxxxxxxxxxxxxxxxxxxxxxxxxxxxxxxxxxxxxxxxxxxxxxxxxxxxxxxxxxxxxxxxxxxxxxxxxxxxxxxxxxxxxxxxxxxxxxxxxxxxxxxxxxxxxxxxxxxxxxxxxxxxxxxxxxxxxxxxxxxxxxxxxxxxxxxxxxxxxxxxxxxxxxxxxxxxxxxxxxxxxxxxxxxxxxxxxxxxxxxxxxxxxxxxxxxxxxxxxxxxxxxxxxxxxxxxxxxxxxxxxxxxxxxxxxxxxxxxxxxxxxxxxxxxxxxxxxxxxxxxxxxxxxxxxxxxxxxxxxxxxxxxxxxxxxxxxxxxxxxxxxxxxxxxxxxxxxxxxxxxxxxxxxxxxxxxxxxxxxxxxxxxxxxxxxxxxxxxxxxxxxxxxxxxxxxxxxxxxxxxxxxxxxxxxxxxxxxxxxxxxxxxxxxxxxxxxxxxxxxxxxxxxxxxxxxxxxxxxxxxxxxxxxxxxxxxxxxxxxxxxxxxxxxxxxxxxxxxxxxxxxxxxxxxxxxxxxxxxxxxxxxxxxxxxxxxxxxxxxxxxxxxxxxxxxxxxxxxxxxxxxxxxxxxxxxxxxxxxxxxxxxxxxxxxxxxxxxxxxxxxxxxxxxxxxxxxxxxxxxxxxxxxxxxxxxxxxxxxxxxxxxxxxxxxxxxxxxxxxxxxxxxxxxxxxxxxxxxxxxxxxxxxxxxxxxx"
  },
  "expected": {
    "verified": true,
    "typ": "peac.receipt/0.9",
    "resource_hash": "Z5C28Hq203AeU3VOrXqr8HJ1U717xZMK6Qf0TI7h9j8"
  }
}
