{
  "id": 18,
  "name": "valid-json-18",
  "valid": true,
  "jws": "eyJhbGciOiJFZERTQSIsInR5cCI6IkpXVCIsImtpZCI6InRlc3Qta2V5LWdvbGRlbiJ9.eyJleHAiOjE3NTg3NDcwNDgsImlhdCI6MTc1ODc0NjU2OCwiaXNzIjoiaHR0cHM6Ly90ZXN0LnBlYWNwcm90b2NvbC5vcmciLCJqdGkiOiIwMDAwMDAxMi0wMDEyLTcwMTItYTAxMi0wMDAwMDAwMDAwMTIiLCJwb2xpY3kiOnsiYWlwcmVmIjp7Imhhc2giOiJzaGEyNTY6TmZDRkY5QUJMMnN5cWtnUTd1dV9ZenJxdmY4eW9DWnQwQkR0NGZrM3RpSSIsImhyZWYiOiJodHRwczovL3Rlc3QucGVhY3Byb3RvY29sLm9yZy9wb2xpY3kuanNvbiJ9LCJtZXJnZWRfaGFzaCI6InNoYTI1NjpPYUlCM3VCSEFPc0Z5dkc1WlJJNG9QWVFvUGlUaW1DaEZLMUhDRDAwcHo4In0sInJlc291cmNlIjp7Imhhc2giOiJzaGEyNTY6N0xDNEFrMDhxai0yVDEyb2tmSHpaOGlnYlhOOGt6OEQ1Q00tLTJ3X1o4WSIsIm1ldGhvZCI6IkdFVCIsInVybCI6Imh0dHBzOi8vdGVzdC5wZWFjcHJvdG9jb2wub3JnL3Jlc291cmNlLzE4In0sInN1YiI6InVybjpyZXNvdXJjZTpzaGEyNTY6N0xDNEFrMDhxai0yVDEyb2tmSHpaOGlnYlhOOGt6OEQ1Q00tLTJ3X1o4WSIsInR5cCI6InBlYWMucmVjZWlwdC8wLjkifQ.IWGndCRfy_a09FCH4Ntq3sD_wB4bpYgW7tKfQWkj7aTuvG66PSEwQ1yUO5K3PxLYsqUYVYP8iNeK2z6nptGz2A",
  "payload": {
    "typ": "peac.receipt/0.9",
    "iss": "https://test.peacprotocol.org",
    "sub": "urn:resource:sha256:7LC4Ak08qj-2T12okfHzZ8igbXN8kz8D5CM--2w_Z8Y",
    "iat": 1758746568,
    "exp": 1758747048,
    "jti": "00000012-0012-7012-a012-000000000012",
    "policy": {
      "aipref": {
        "href": "https://test.peacprotocol.org/policy.json",
        "hash": "sha256:NfCFF9ABL2syqkgQ7uu_Yzrqvf8yoCZt0BDt4fk3tiI"
      },
      "merged_hash": "sha256:OaIB3uBHAOsFyvG5ZRI4oPYQoPiTimChFK1HCD00pz8"
    },
    "resource": {
      "url": "https://test.peacprotocol.org/resource/18",
      "method": "GET",
      "hash": "sha256:7LC4Ak08qj-2T12okfHzZ8igbXN8kz8D5CM--2w_Z8Y"
    }
  },
  "body": {
    "test": 18,
    "data": "xxxxxxxxxxxxxxxxxxxxxxxxxxxxxxxxxxxxxxxxxxxxxxxxxxxxxxxxxxxxxxxxxxxxxxxxxxxxxxxxxxxxxxxxxxxxxxxxxxxxxxxxxxxxxxxxxxxxxxxxxxxxxxxxxxxxxxxxxxxxxxxxxxxxxxxxxxxxxxxxxxxxxxxxxxxxxxxxxxxxxxxxxxxxxxxxxxxxxxxxxxxxxxxxxxxxxxxxxxxxxxxxxxxxxxxxxxxxxxxxxxxxxxxxxxxxxxxxxxxxxxxxxxxxxxxxxxxxxxxxxxxxxxxxxxxxxxxxxxxxxxxxxxxxxxxxxxxxxxxxxxxxxxxxxxxxxxxxxxxxxxxxxxxxxxxxxxxxxxxxxxxxxxxxxxxxxxxxxxxxxxxxxxxxxxxxxxxxxxxxxxxxxxxxxxxxxxxxxxxxxxxxxxxxxxxxxxxxxxxxxxxxxxxxxxxxxxxxxxxxxxxxxxxxxxxxxxxxxxxxxxxxxxxxxxxxxxxxxxxxxxxxxxxxxxxxxxxxxxxxxxxxxxxxxxxxxxxxxxxxxxxxxxxxxxxxxxxxxxxxxxxxxxxxxxxxxxxxxxxxxxxxxxxxxxxxxxxxxxxxxxxxxxxxxxxxxxxxxxxxxxxxxxxxxxxxxxxxxxxxxxxxxxxxxxxxxxxxxxxxxxxxxxxxxxxxxxxxxxxxxxxxxxxxxxxxxxxxxxxxxxxxxxxxxxxxxxxxxxxxxxxxxxxxxxxxxxxxxxxxxxxxxxxxxxxxxxxxxxxxxxxxxxxxxxxxxxxxxxxxxxxxxxxxxxxxxxxxxxxxxxxxxxxxxxxxxxxxxxxxxxxxxxxxxxxxxxxxxxxxxxxxxxxxxxxxxxxxxxxxxxxxxxxxxxxxxxxxxxxxxxxxxxxxxxxxxxxxxxxxxxxxxxxxxxxxxxxxxxxxxxxxxxxxxxxxxxxxxxxxxxxxxxxxxxxxxxxxxxxxxxxxxxxxxxxxxxxxxxxxxxxxxxxxxxxxxxxxxxxxxxxxxxxxxxxxxxxxxxxxxxxxxxxxxxxxxxxxxxxxxxxxxxxxxxxxxxxxxxxxxxxxxxxxxxxxxxxxxxxxxxxxxxxxxxxxxxxxxxxxxxxxxxxxxxxxxxxxxxxxxxxxxxxxxxxxxxxxxxxxxxxxxxxxxxxxxxxxxxxxxxxxxxxxxxxxxxxxxxxxxxxxxxxxxxxxxxxxxxxxxxxxxxxxxxxxxxxxxxxxxxxxxxxxxxxxxxxxxxxxxxxxxxxxxxxxxxxxxxxxxxxxxxxxxxxxxxxxxxxxxxxxxxxxxxxxxxxxxxxxxxxxxxxxxxxxxxxxxxxxxxxxxxxxxxxxxxxxxxxxxxxxxxxxxxxxxxxxxxxxxxxxxxxxxxxxxxxxxxxxxxxxxxxxxxxxxxxxxxxxxxxxxxxxxxxxxxxxxxxxxxxxxxxxxxxxxxxxxxxxxxxxxxxxxxxxxxxxxxxxxxxxxxxxxxxxxxxxxxxxxxxxxxxxxxxxxxxxxxxxxxxxxxxxxxxxxxxxxxxxxxxxxxxxxxxxxxxxxxxxxxxxxxxxxxxxxxxxxxxxxxxxxxxxxxxxxxxxxxxxxxxxxxxxxxxxxxxxxxxxxxxxxxxxxxxxxxxxxxxxxxxxxxxxxxxxxxxxxxxxxxxxxxxxxxxxxxxxxxxxxxxxxxxxxxxxxxxxxxxxxxxxxxxxxxxxxxxxxxxxxxxxxxxxxxxxxxxxxxxxxxxxxxxxxxxxxxxxxxxxxxxxxxxxxxxxxxxxxxxxxxxxxxxxxxxxxxxxxxxxxxxxxxxxxxxxxxxxxxxxxxxxxxxxxxxxxxxxxxxxxxxxxxxxxxxxxxxxxxxxxxxxxxxxxxxxxxxxxxxxxxxxxxxxxxxxxxxxxxxxxxxxxxxxxxxxxxxxxxxx"
  },
  "expected": {
    "verified": true,
    "typ": "peac.receipt/0.9",
    "resource_hash": "7LC4Ak08qj-2T12okfHzZ8igbXN8kz8D5CM--2w_Z8Y"
  }
}
