{
  "id": 19,
  "name": "valid-json-19",
  "valid": true,
  "jws": "eyJhbGciOiJFZERTQSIsInR5cCI6IkpXVCIsImtpZCI6InRlc3Qta2V5LWdvbGRlbiJ9.eyJleHAiOjE3NTg3NDcwNDgsImlhdCI6MTc1ODc0NjU1OCwiaXNzIjoiaHR0cHM6Ly90ZXN0LnBlYWNwcm90b2NvbC5vcmciLCJqdGkiOiIwMDAwMDAxMy0wMDEzLTcwMTMtYTAxMy0wMDAwMDAwMDAwMTMiLCJwb2xpY3kiOnsiYWlwcmVmIjp7Imhhc2giOiJzaGEyNTY6SGhicmctUUxZZUhNVmVMU2UxSDlqZFNsdmI0eGl3THVPZFNDVnp3OTFKSSIsImhyZWYiOiJodHRwczovL3Rlc3QucGVhY3Byb3RvY29sLm9yZy9wb2xpY3kuanNvbiJ9LCJtZXJnZWRfaGFzaCI6InNoYTI1NjplZUxMZHc2aThQV2VIckc0RjJkSXN1LTZYLVhFcFBFNEFkY2g4MEpmOHVRIn0sInJlc291cmNlIjp7Imhhc2giOiJzaGEyNTY6SWlMaV9vX0JHako2R2FGMERsRXlVSU52U0NneGRGNDA1Y2s4ZFhLX185OCIsIm1ldGhvZCI6IkdFVCIsInVybCI6Imh0dHBzOi8vdGVzdC5wZWFjcHJvdG9jb2wub3JnL3Jlc291cmNlLzE5In0sInN1YiI6InVybjpyZXNvdXJjZTpzaGEyNTY6SWlMaV9vX0JHako2R2FGMERsRXlVSU52U0NneGRGNDA1Y2s4ZFhLX185OCIsInR5cCI6InBlYWMucmVjZWlwdC8wLjkifQ.Ii4fjS1gEDcUMMWzainmPZ4ckTUmHFyfJLvVSywbJCSGOSBDRBfDkIG8fBwVVfN7wah7Z0xoQzYhvQrfUBMJCg",
  "payload": {
    "typ": "peac.receipt/0.9",
    "iss": "https://test.peacprotocol.org",
    "sub": "urn:resource:sha256:IiLi_o_BGjJ6GaF0DlEyUINvSCgxdF405ck8dXK__98",
    "iat": 1758746558,
    "exp": 1758747048,
    "jti": "00000013-0013-7013-a013-000000000013",
    "policy": {
      "aipref": {
        "href": "https://test.peacprotocol.org/policy.json",
        "hash": "sha256:Hhbrg-QLYeHMVeLSe1H9jdSlvb4xiwLuOdSCVzw91JI"
      },
      "merged_hash": "sha256:eeLLdw6i8PWeHrG4F2dIsu-6X-XEpPE4Adch80Jf8uQ"
    },
    "resource": {
      "url": "https://test.peacprotocol.org/resource/19",
      "method": "GET",
      "hash": "sha256:IiLi_o_BGjJ6GaF0DlEyUINvSCgxdF405ck8dXK__98"
    }
  },
  "body": {
    "test": 19,
    "data": "xxxxxxxxxxxxxxxxxxxxxxxxxxxxxxxxxxxxxxxxxxxxxxxxxxxxxxxxxxxxxxxxxxxxxxxxxxxxxxxxxxxxxxxxxxxxxxxxxxxxxxxxxxxxxxxxxxxxxxxxxxxxxxxxxxxxxxxxxxxxxxxxxxxxxxxxxxxxxxxxxxxxxxxxxxxxxxxxxxxxxxxxxxxxxxxxxxxxxxxxxxxxxxxxxxxxxxxxxxxxxxxxxxxxxxxxxxxxxxxxxxxxxxxxxxxxxxxxxxxxxxxxxxxxxxxxxxxxxxxxxxxxxxxxxxxxxxxxxxxxxxxxxxxxxxxxxxxxxxxxxxxxxxxxxxxxxxxxxxxxxxxxxxxxxxxxxxxxxxxxxxxxxxxxxxxxxxxxxxxxxxxxxxxxxxxxxxxxxxxxxxxxxxxxxxxxxxxxxxxxxxxxxxxxxxxxxxxxxxxxxxxxxxxxxxxxxxxxxxxxxxxxxxxxxxxxxxxxxxxxxxxxxxxxxxxxxxxxxxxxxxxxxxxxxxxxxxxxxxxxxxxxxxxxxxxxxxxxxxxxxxxxxxxxxxxxxxxxxxxxxxxxxxxxxxxxxxxxxxxxxxxxxxxxxxxxxxxxxxxxxxxxxxxxxxxxxxxxxxxxxxxxxxxxxxxxxxxxxxxxxxxxxxxxxxxxxxxxxxxxxxxxxxxxxxxxxxxxxxxxxxxxxxxxxxxxxxxxxxxxxxxxxxxxxxxxxxxxxxxxxxxxxxxxxxxxxxxxxxxxxxxxxxxxxxxxxxxxxxxxxxxxxxxxxxxxxxxxxxxxxxxxxxxxxxxxxxxxxxxxxxxxxxxxxxxxxxxxxxxxxxxxxxxxxxxxxxxxxxxxxxxxxxxxxxxxxxxxxxxxxxxxxxxxxxxxxxxxxxxxxxxxxxxxxxxxxxxxxxxxxxxxxxxxxxxxxxxxxxxxxxxxxxxxxxxxxxxxxxxxxxxxxxxxxxxxxxxxxxxxxxxxxxxxxxxxxxxxxxxxxxxxxxxxxxxxxxxxxxxxxxxxxxxxxxxxxxxxxxxxxxxxxxxxxxxxxxxxxxxxxxxxxxxxxxxxxxxxxxxxxxxxxxxxxxxxxxxxxxxxxxxxxxxxxxxxxxxxxxxxxxxxxxxxxxxxxxxxxxxxxxxxxxxxxxxxxxxxxxxxxxxxxxxxxxxxxxxxxxxxxxxxxxxxxxxxxxxxxxxxxxxxxxxxxxxxxxxxxxxxxxxxxxxxxxxxxxxxxxxxxxxxxxxxxxxxxxxxxxxxxxxxxxxxxxxxxxxxxxxxxxxxxxxxxxxxxxxxxxxxxxxxxxxxxxxxxxxxxxxxxxxxxxxxxxxxxxxxxxxxxxxxxxxxxxxxxxxxxxxxxxxxxxxxxxxxxxxxxxxxxxxxxxxxxxxxxxxxxxxxxxxxxxxxxxxxxxxxxxxxxxxxxxxxxxxxxxxxxxxxxxxxxxxxxxxxxxxxxxxxxxxxxxxxxxxxxxxxxxxxxxxxxxxxxxxxxxxxxxxxxxxxxxxxxxxxxxxxxxxxxxxxxxxxxxxxxxxxxxxxxxxxxxxxxxxxxxxxxxxxxxxxxxxxxxxxxxxxxxxxxxxxxxxxxxxxxxxxxxxxxxxxxxxxxxxxxxxxxxxxxxxxxxxxxxxxxxxxxxxxxxxxxxxxxxxxxxxxxxxxxxxxxxxxxxxxxxxxxxxxxxxxxxxxxxxxxxxxxxxxxxxxxxxxxxxxxxxxxxxxxxxxxxxxxxxxxxxxxxxxxxxxxxxxxxxxxxxxxxxxxxxxxxxxxxxxxxxxxxxxxxxxxxxxxxxxxxxxxxxxxxxxxxxxxxxxxxxxxxxxxxxxxxxxxxxxxxxxxxxxxxxxxxxxxxxxxxxxxxxxxxxxxxxxxxxxxxxxxxxxxxxxxxxxxxxxxxxxxxxxxxxxxxxxxxxxxxxxxxxxxxxxxxxxxxxxxxxxxxxxxxxxxxxxxxxxxxxxxxxxxxxxxxxxxxxxxxxxxxxxxxxxxxxxxxxxxxxxxxxxxxxxxxxxxxxxxxxxxxxx"
  },
  "expected": {
    "verified": true,
    "typ": "peac.receipt/0.9",
    "resource_hash": "IiLi_o_BGjJ6GaF0DlEyUINvSCgxdF405ck8dXK__98"
  }
}
