{
  "id": 57,
  "name": "expired-7",
  "valid": false,
  "jws": "eyJhbGciOiJFZERTQSIsInR5cCI6IkpXVCIsImtpZCI6InRlc3Qta2V5LWdvbGRlbiJ9.eyJleHAiOjE3NTg3NDMyMDgsImlhdCI6MTc1ODc0MzE0OCwiaXNzIjoiaHR0cHM6Ly9leHBpcmVkLnRlc3QuY29tIiwianRpIjoiMDAwMDBiYmYtMGJiZi03YmJmLWFiYmYtMDAwMDAwMDAwYmJmIiwicG9saWN5Ijp7ImFpcHJlZiI6eyJoYXNoIjoic2hhMjU2OnRlc3QiLCJocmVmIjoiaHR0cHM6Ly90ZXN0LmNvbS9wb2xpY3kuanNvbiJ9LCJtZXJnZWRfaGFzaCI6InNoYTI1NjptZXJnZWQifSwicmVzb3VyY2UiOnsiaGFzaCI6InNoYTI1Njp0ZXN0IiwibWV0aG9kIjoiR0VUIiwidXJsIjoiaHR0cHM6Ly90ZXN0LmNvbS9leHBpcmVkIn0sInN1YiI6InVybjpyZXNvdXJjZTpzaGEyNTY6ZXhwaXJlZCIsInR5cCI6InBlYWMucmVjZWlwdC8wLjkifQ.G4n9F17lK0fxR2vPItCN3NRdbOjBkvo96TkGRniQH72LD8-6kvd2yCqQcKzuCB90WM2w_pUS0zmIU4eRPoU7dw",
  "payload": {
    "typ": "peac.receipt/0.9",
    "iss": "https://expired.test.com",
    "sub": "urn:resource:sha256:expired",
    "iat": 1758743148,
    "exp": 1758743208,
    "jti": "00000bbf-0bbf-7bbf-abbf-000000000bbf",
    "policy": {
      "aipref": {
        "href": "https://test.com/policy.json",
        "hash": "sha256:test"
      },
      "merged_hash": "sha256:merged"
    },
    "resource": {
      "url": "https://test.com/expired",
      "method": "GET",
      "hash": "sha256:test"
    }
  },
  "expected": {
    "error": "expired-receipt"
  }
}
