{
  "id": 89,
  "name": "edge-case-19",
  "valid": false,
  "jws": "eyJhbGciOiJFZERTQSIsInR5cCI6IkpXVCIsImtpZCI6InRlc3Qta2V5LWdvbGRlbiJ9.eyJpYXQiOjE3NTg3NDY3NDgsImlzcyI6Imh0dHBzOi8vZWRnZS50ZXN0LmNvbSIsImp0aSI6IjAwMDAwZmIzLTBmYjMtN2ZiMy1hZmIzLTAwMDAwMDAwMGZiMyIsInJlc291cmNlIjp7Imhhc2giOiJuby1zaGEyNTYtcHJlZml4In0sInN1YiI6InVybjpyZXNvdXJjZTpzaGEyNTY6ZWRnZSIsInR5cCI6InBlYWMucmVjZWlwdC8wLjkifQ.uZTUi2WUVYj7o5OZu7y-H67BLA2BgAylpmBgMrVVPzsbWe0ski76l1GnCpRF7_6hQGpA_T3jXxXWNQ8KmaOwUA",
  "payload": {
    "typ": "peac.receipt/0.9",
    "iss": "https://edge.test.com",
    "sub": "urn:resource:sha256:edge",
    "iat": 1758746748,
    "jti": "00000fb3-0fb3-7fb3-afb3-000000000fb3",
    "resource": {
      "hash": "no-sha256-prefix"
    }
  },
  "expected": {
    "error": "schema-validation-failed"
  }
}
