{
  "keys": [
    {
      "kty": "OKP",
      "crv": "Ed25519",
      "kid": "test-key-golden",
      "x": "QkJCQkJCQkJCQkJCQkJCQkJCQkJCQkJCQkJCQkJCQkI"
    }
  ]
}
